[www.flow.cl/index.html]
[backblue.gif]
[fade.gif]
[index.html]
[www.flow.cl/img/favicon.ico]
[www.flow.cl/img/apple-icon-57x57.png]
[www.flow.cl/img/apple-icon-60x60.png]
[www.flow.cl/img/apple-icon-72x72.png]
[www.flow.cl/img/apple-icon-76x76.png]
[www.flow.cl/img/apple-icon-114x114.png]
[www.flow.cl/img/apple-icon-120x120.png]
[www.flow.cl/img/apple-icon-144x144.png]
[www.flow.cl/img/apple-icon-152x152.png]
[www.flow.cl/img/apple-icon-180x180.png]
[www.flow.cl/img/android-icon-192x192.png]
[www.flow.cl/img/favicon-32x32.png]
[www.flow.cl/img/favicon-96x96.png]
[www.flow.cl/img/favicon-16x16.png]
[www.flow.cl/img/manifest.json]
[www.flow.cl/css/bootstrap.3.3.7.min.css]
[www.flow.cl/css/forms.css]
[www.flow.cl/css/flow.css]
[www.flow.cl/css/menu.css]
[www.flow.cl/css/footer5314.css]
[www.flow.cl/css/font-awesome.4.7.0.min.css]
[www.flow.cl/css/inicio.css]
[www.flow.cl/index-2.html]
[www.flow.cl/images/header/logo-flow.svg]
[www.flow.cl/info.html]
[www.flow.cl/cobra-email.html]
[www.flow.cl/images/iconos/svg/cobro-email.svg]
[www.flow.cl/carro-compras.html]
[www.flow.cl/images/iconos/svg/carro-compra.svg]
[www.flow.cl/tienda-gratis.html]
[www.flow.cl/images/iconos/svg/mall.svg]
[www.flow.cl/vende-presencialmente.html]
[www.flow.cl/images/iconos/svg/venta-presencial.svg]
[www.flow.cl/redes-sociales.html]
[www.flow.cl/images/iconos/svg/redes-sociales.svg]
[www.flow.cl/soluciones-empresariales.html]
[www.flow.cl/images/iconos/svg/soluciones-empresariales.svg]
[www.flow.cl/suscripciones.html]
[www.flow.cl/images/iconos/svg/forma-recurrente.svg]
[www.flow.cl/web-sistema.html]
[www.flow.cl/images/iconos/svg/web-sistema.svg]
[www.flow.cl/reembolsos.html]
[www.flow.cl/images/iconos/svg/reembolso.svg]
[www.flow.cl/images/iconos/svg/info-tecnica2.svg]
[www.flow.cl/docs/api.html]
[www.flow.cl/images/iconos/svg/info-tecnica.svg]
[www.flow.cl/faq.html]
[www.flow.cl/app/web/register.html]
[www.flow.cl/app/web/login.html]
[www.flow.cl/mach.html]
[www.flow.cl/images/home/mach01.png]
[www.flow.cl/images/home/mach02.png]
[www.flow.cl/tarifas.html]
[www.flow.cl/images/iconos/svg/conveniente.svg]
[www.flow.cl/images/iconos/svg/agil.svg]
[www.flow.cl/seguro.html]
[www.flow.cl/images/iconos/svg/seguro.svg]
[www.flow.cl/terminos.html]
[www.flow.cl/privacidad.html]
[www.flow.cl/webpay.html]
[www.flow.cl/images/logos/webpay.png]
[www.flow.cl/onepay.html]
[www.flow.cl/images/medios-de-pago/onepay/onepay.png]
[www.flow.cl/servipag.html]
[www.flow.cl/images/logos/servipag.png]
[www.flow.cl/multicaja.html]
[www.flow.cl/images/logos/multicaja.png]
[www.flow.cl/images/medios-de-pago/mach/mach.png]
[www.flow.cl/cryptocompra.html]
[www.flow.cl/images/medios-de-pago/cryptocompra/cryptocompra.png]
[www.flow.cl/images/sitelock.png]
[www.flow.cl/images/logo-pci-flow.png]
[www.flow.cl/js/jquery-1.11.3.min.js]
[www.flow.cl/js/bootstrap.3.3.7.min.js]
[www.flow.cl/secciones-pagina/footer.js]
[www.flow.cl/index.html]
[www.googletagmanager.com/gtm5445.html]
[www.flow.cl/fonts/glyphicons-halflings-regular.eot]
[www.flow.cl/fonts/glyphicons-halflings-regulard41d.eot]
[www.flow.cl/fonts/glyphicons-halflings-regular.woff]
[www.flow.cl/fonts/glyphicons-halflings-regular.ttf]
[www.flow.cl/fonts/glyphicons-halflings-regular.svg]
[www.flow.cl/css/bootstrap.3.3.7.min.css]
[www.flow.cl/css/forms.css]
[www.flow.cl/css/flow.css]
[www.flow.cl/css/menu.css]
[www.flow.cl/images/arrow_down.png]
[www.flow.cl/images/arrow_right.png]
[www.flow.cl/css/footer5314.css]
[www.flow.cl/fonts/fontawesome-webfont3e6e.eot]
[www.flow.cl/fonts/fontawesome-webfontd41d.eot]
[www.flow.cl/fonts/fontawesome-webfont3e6e.woff]
[www.flow.cl/fonts/fontawesome-webfont3e6e.ttf]
[www.flow.cl/css/font-awesome.4.7.0.min.css]
[www.flow.cl/fonts/fontawesome-webfont3e6e.svg]
[www.flow.cl/images/fondo-flow.jpg]
[www.flow.cl/images/bloque2.jpg]
[www.flow.cl/images/fondo-flow-movil.jpg]
[www.flow.cl/css/inicio.css]
[www.flow.cl/index-2.html]
[www.flow.cl/images/header/logo-flow.svg]
[www.flow.cl/css/colores.css]
[www.flow.cl/css/interior.css]
[www.flow.cl/images/conocenos/conocenos01.png]
[www.flow.cl/images/logos/wp-sf.svg]
[www.flow.cl/images/medios-de-pago/onepay/op-sf.svg]
[www.flow.cl/images/logos/sp-sf.svg]
[www.flow.cl/images/logos/mc-sf.svg]
[www.flow.cl/images/medios-de-pago/mach/mach-sf.svg]
[www.flow.cl/images/medios-de-pago/cryptocompra/cm-sf.svg]
[www.flow.cl/images/iconos/svg/tienda-facebook.svg]
[www.flow.cl/images/iconos/svg/facilitamos.svg]
[www.flow.cl/images/iconos/svg/optimizacion.svg]
[www.flow.cl/images/iconos/svg/monitoreamos.svg]
[www.flow.cl/images/iconos/svg/rapido.svg]
[www.flow.cl/images/iconos/svg/soporte.svg]
[www.flow.cl/images/iconos/svg/tuxpan.svg]
[www.flow.cl/app/js/flowWeba363.js]
[www.flow.cl/info.html]
[www.flow.cl/images/soluciones/email01.png]
[www.flow.cl/cobro-email.html]
[www.flow.cl/images/iconos/svg/enviar-email.svg]
[www.flow.cl/cobro-recurrente.html]
[www.flow.cl/images/iconos/svg/recurrente.svg]
[www.flow.cl/boton-pago-estatico.html]
[www.flow.cl/images/iconos/svg/estatico.svg]
[www.flow.cl/boton-pago-variable.html]
[www.flow.cl/images/iconos/svg/dinamico.svg]
[www.flow.cl/reembolso.html]
[www.flow.cl/images/iconos/svg/reembolsos.svg]
[www.flow.cl/cobra-email.html]
[www.flow.cl/images/iconos/svg/cobro-email.svg]
[www.flow.cl/images/soluciones/carro01.png]
[www.flow.cl/woocommerce.html]
[www.flow.cl/images/iconos/svg/woo.svg]
[www.flow.cl/jumpseller.html]
[www.flow.cl/images/iconos/svg/jumpseller.svg]
[www.flow.cl/prestashop-17.html]
[www.flow.cl/images/iconos/svg/prestashop.svg]
[www.flow.cl/opencart.html]
[www.flow.cl/images/iconos/svg/opencart.svg]
[www.flow.cl/virtuemart.html]
[www.flow.cl/images/iconos/svg/virtuemart.svg]
[www.flow.cl/whmcs.html]
[www.flow.cl/images/iconos/svg/whmcs.svg]
[www.flow.cl/magento.html]
[www.flow.cl/images/iconos/svg/magento.svg]
[www.flow.cl/carro-compras.html]
[www.flow.cl/images/iconos/svg/carro-compra.svg]
[www.flow.cl/images/soluciones/sumar01.png]
[www.flow.cl/tienda-virtual-sumar.html]
[www.flow.cl/images/iconos/svg/sumar.svg]
[www.flow.cl/tienda-gratis.html]
[www.flow.cl/images/iconos/svg/mall.svg]
[www.flow.cl/images/soluciones/presencial01.png]
[www.flow.cl/configurar-cuenta-device.html]
[www.flow.cl/images/iconos/svg/configurar-cuenta-device.svg]
[www.flow.cl/descargar-aplicacion-device.html]
[www.flow.cl/images/iconos/svg/descargar-aplicacion.svg]
[www.flow.cl/vende-presencialmente.html]
[www.flow.cl/images/iconos/svg/venta-presencial.svg]
[www.flow.cl/images/left-hand.png]
[www.flow.cl/redes-sociales.html]
[www.flow.cl/images/iconos/svg/redes-sociales.svg]
[www.flow.cl/images/soluciones/empresariales01.png]
[www.flow.cl/images/iconos/svg/cargos-automaticos.svg]
[www.flow.cl/images/iconos/svg/correo-masivo.svg]
[www.flow.cl/images/iconos/svg/portal-ecommerce.svg]
[www.flow.cl/images/iconos/svg/ad-hoc.svg]
[www.flow.cl/soluciones-empresariales.html]
[www.flow.cl/images/iconos/svg/soluciones-empresariales.svg]
[www.flow.cl/images/soluciones/suscripciones-00.png]
[www.flow.cl/pago-suscripcion.html]
[www.flow.cl/images/iconos/svg/calendario.svg]
[www.flow.cl/clientes.html]
[www.flow.cl/images/iconos/svg/clientes.svg]
[www.flow.cl/planes-suscripcion.html]
[www.flow.cl/images/iconos/svg/planes.svg]
[www.flow.cl/cupones-descuento.html]
[www.flow.cl/images/iconos/svg/cupon-descuento.svg]
[www.flow.cl/suscripciones.html]
[www.flow.cl/images/iconos/svg/forma-recurrente.svg]
[www.flow.cl/images/soluciones/api01.png]
[www.flow.cl/web-sistema.html]
[www.flow.cl/images/iconos/svg/web-sistema.svg]
[www.flow.cl/images/soluciones/reembolsos01.png]
[www.flow.cl/images/iconos/svg/api-reembolsos.svg]
[www.flow.cl/reembolsos.html]
[www.flow.cl/images/iconos/svg/reembolso.svg]
[www.flow.cl/images/iconos/svg/info-tecnica2.svg]
[www.flow.cl/docs/style.css]
[www.flow.cl/docs/api.html]
[www.flow.cl/images/iconos/svg/info-tecnica.svg]
[www.flow.cl/js/fancybox/dist/jquery.fancybox.min.css]
[www.flow.cl/docs/docs.js]
[www.flow.cl/css/helpDesk.css]
[www.flow.cl/js/fancybox/dist/jquery.fancybox.min.js]
[www.flow.cl/faq.html]
[www.flow.cl/css/interior0d8a.css]
[www.flow.cl/css/layout1.css]
[www.google.com/recaptcha/api4199.js]
[www.flow.cl/img/webpay60.png]
[www.flow.cl/img/onepay60.png]
[www.flow.cl/img/mach60.png]
[www.flow.cl/img/servipag60.png]
[www.flow.cl/img/multicaja-efectivo60.png]
[www.flow.cl/img/cryptomkt60.png]
[www.flow.cl/app/js/jquery.validate.min.js]
[www.flow.cl/app/js/flowWebb39c.js]
[www.flow.cl/app/js/jquery.Rut.min.js]
[www.flow.cl/app/web/js/registerdd2f.js]
[www.flow.cl/app/web/register.html]
[www.flow.cl/css/login.css]
[www.flow.cl/app/web/olvide.html]
[www.flow.cl/app/web/js/login8fbc.js]
[www.flow.cl/app/web/login.html]
[www.flow.cl/images/medios-de-pago/mach/00.png]
[www.flow.cl/images/medios-de-pago/mach/01.png]
[www.flow.cl/images/medios-de-pago/mach/02.png]
[www.flow.cl/images/medios-de-pago/mach/03.png]
[www.flow.cl/images/medios-de-pago/mach/04.png]
[www.flow.cl/images/medios-de-pago/mach/05.png]
[www.flow.cl/images/medios-de-pago/mach/06.png]
[www.flow.cl/images/medios-de-pago/mach/07.png]
[www.flow.cl/images/medios-de-pago/mach/08.png]
[www.flow.cl/mach.html]
[www.flow.cl/tarifas.html]
[www.flow.cl/images/iconos/svg/conveniente.svg]
[www.flow.cl/images/iconos/svg/agil.svg]
[www.flow.cl/js/jquery-3.1.1.min.js]
[www.flow.cl/css/interior3860.css]
[www.flow.cl/images/seguro/banner1.jpg]
[www.flow.cl/seguro.html]
[www.flow.cl/images/iconos/svg/seguro.svg]
[www.flow.cl/app/services/tyc/flow-terminos7a25.pdf]
[www.flow.cl/terminos.html]
[www.flow.cl/privacidad.html]
[www.flow.cl/images/medios-de-pago/webpay/visa.png]
[www.flow.cl/images/medios-de-pago/webpay/mastercard.png]
[www.flow.cl/images/medios-de-pago/webpay/magna.png]
[www.flow.cl/images/medios-de-pago/webpay/american.png]
[www.flow.cl/images/medios-de-pago/webpay/diners.png]
[www.flow.cl/images/medios-de-pago/webpay/redcompra.png]
[www.flow.cl/images/medios-de-pago/webpay/electron.png]
[www.flow.cl/images/medios-de-pago/webpay/maestro.png]
[www.flow.cl/images/medios-de-pago/webpay/santander.png]
[www.flow.cl/images/medios-de-pago/webpay/banefe.png]
[www.flow.cl/images/medios-de-pago/webpay/bbva.png]
[www.flow.cl/images/medios-de-pago/webpay/corpbanca.png]
[www.flow.cl/images/medios-de-pago/webpay/bci.png]
[www.flow.cl/images/medios-de-pago/webpay/bcinova.png]
[www.flow.cl/images/medios-de-pago/webpay/tbanc.png]
[www.flow.cl/images/medios-de-pago/webpay/falabella.png]
[www.flow.cl/images/medios-de-pago/webpay/itau.png]
[www.flow.cl/images/medios-de-pago/webpay/chile.png]
[www.flow.cl/images/medios-de-pago/webpay/credichile.png]
[www.flow.cl/images/medios-de-pago/webpay/edwards.png]
[www.flow.cl/images/medios-de-pago/webpay/estado.png]
[www.flow.cl/images/medios-de-pago/webpay/rut.png]
[www.flow.cl/images/medios-de-pago/webpay/bice.png]
[www.flow.cl/images/medios-de-pago/webpay/security.png]
[www.flow.cl/images/medios-de-pago/webpay/consorcio.png]
[www.flow.cl/images/medios-de-pago/webpay/bripley.png]
[www.flow.cl/images/medios-de-pago/webpay/internacional.png]
[www.flow.cl/images/medios-de-pago/webpay/scotiabank.png]
[www.flow.cl/images/medios-de-pago/webpay/desarrollo.png]
[www.flow.cl/images/medios-de-pago/webpay/copeuch.png]
[www.flow.cl/images/medios-de-pago/webpay/1.png]
[www.flow.cl/images/medios-de-pago/webpay/2.png]
[www.flow.cl/images/medios-de-pago/webpay/3.png]
[www.flow.cl/images/medios-de-pago/webpay/4.png]
[www.flow.cl/images/medios-de-pago/webpay/5.png]
[www.flow.cl/images/medios-de-pago/webpay/6.png]
[www.flow.cl/images/medios-de-pago/webpay/7.png]
[www.flow.cl/images/medios-de-pago/webpay/8.png]
[www.flow.cl/webpay.html]
[www.flow.cl/images/medios-de-pago/onepay/1.png]
[www.flow.cl/images/medios-de-pago/onepay/2.png]
[www.flow.cl/images/medios-de-pago/onepay/4.png]
[www.flow.cl/images/medios-de-pago/onepay/5.png]
[www.flow.cl/images/medios-de-pago/onepay/6.png]
[www.flow.cl/images/medios-de-pago/onepay/7.png]
[www.flow.cl/images/medios-de-pago/onepay/8.png]
[www.flow.cl/onepay.html]
[www.flow.cl/images/medios-de-pago/servipag/chile.png]
[www.flow.cl/images/medios-de-pago/servipag/edwards.png]
[www.flow.cl/images/medios-de-pago/servipag/credichile.png]
[www.flow.cl/images/medios-de-pago/servipag/bci.png]
[www.flow.cl/images/medios-de-pago/servipag/tbanc.png]
[www.flow.cl/images/medios-de-pago/servipag/bcinova.png]
[www.flow.cl/images/medios-de-pago/servipag/estado.png]
[www.flow.cl/images/medios-de-pago/servipag/rut.png]
[www.flow.cl/images/medios-de-pago/servipag/bbva.png]
[www.flow.cl/images/medios-de-pago/servipag/security.png]
[www.flow.cl/images/medios-de-pago/servipag/scotiabank.png]
[www.flow.cl/images/medios-de-pago/servipag/desarrollo.png]
[www.flow.cl/images/medios-de-pago/servipag/corpbanca.png]
[www.flow.cl/images/medios-de-pago/servipag/bice.png]
[www.flow.cl/images/medios-de-pago/servipag/falabella.png]
[www.flow.cl/images/medios-de-pago/servipag/consorcio.png]
[www.flow.cl/images/medios-de-pago/servipag/internacional.png]
[www.flow.cl/images/medios-de-pago/servipag/itau.png]
[www.flow.cl/images/medios-de-pago/servipag/hsbc.png]
[www.flow.cl/images/medios-de-pago/servipag/cencosud.png]
[www.flow.cl/images/medios-de-pago/servipag/paris.png]
[www.flow.cl/images/medios-de-pago/servipag/jumbo.png]
[www.flow.cl/images/medios-de-pago/servipag/easy.png]
[www.flow.cl/images/medios-de-pago/servipag/cmr.png]
[www.flow.cl/images/medios-de-pago/servipag/ripley.png]
[www.flow.cl/images/medios-de-pago/servipag/1.png]
[www.flow.cl/images/medios-de-pago/servipag/2.png]
[www.flow.cl/images/medios-de-pago/servipag/3.png]
[www.flow.cl/images/medios-de-pago/servipag/4.png]
[www.flow.cl/images/medios-de-pago/servipag/12.png]
[www.flow.cl/images/medios-de-pago/servipag/13.png]
[www.flow.cl/images/medios-de-pago/servipag/5.png]
[www.flow.cl/images/medios-de-pago/servipag/6.png]
[www.flow.cl/images/medios-de-pago/servipag/7.png]
[www.flow.cl/images/medios-de-pago/servipag/8.png]
[www.flow.cl/images/medios-de-pago/servipag/10.png]
[www.flow.cl/images/medios-de-pago/servipag/9.png]
[www.flow.cl/images/medios-de-pago/servipag/11.png]
[www.flow.cl/servipag.html]
[www.flow.cl/images/medios-de-pago/multicaja/1.png]
[www.flow.cl/images/medios-de-pago/multicaja/2.png]
[www.flow.cl/images/medios-de-pago/multicaja/3.png]
[www.flow.cl/images/medios-de-pago/multicaja/4.png]
[www.flow.cl/images/medios-de-pago/multicaja/5.png]
[www.flow.cl/images/medios-de-pago/multicaja/6.png]
[www.flow.cl/images/medios-de-pago/multicaja/7.png]
[www.flow.cl/multicaja.html]
[www.flow.cl/images/medios-de-pago/cryptocompra/bitcoin.png]
[www.flow.cl/images/medios-de-pago/cryptocompra/ethereum.png]
[www.flow.cl/images/medios-de-pago/cryptocompra/stellar.png]
[www.flow.cl/images/medios-de-pago/cryptocompra/1.png]
[www.flow.cl/images/medios-de-pago/cryptocompra/2.png]
[www.flow.cl/images/medios-de-pago/cryptocompra/3.png]
[www.flow.cl/images/medios-de-pago/cryptocompra/camara.jpg]
[www.flow.cl/images/medios-de-pago/cryptocompra/4.png]
[www.flow.cl/images/medios-de-pago/cryptocompra/5.png]
[www.flow.cl/images/medios-de-pago/cryptocompra/6.png]
[www.flow.cl/images/medios-de-pago/cryptocompra/7.png]
[www.flow.cl/images/medios-de-pago/cryptocompra/8.png]
[www.flow.cl/images/medios-de-pago/cryptocompra/9.png]
[www.flow.cl/images/medios-de-pago/cryptocompra/10.png]
[www.flow.cl/images/medios-de-pago/cryptocompra/11.png]
[www.flow.cl/images/medios-de-pago/cryptocompra/12.png]
[www.flow.cl/images/medios-de-pago/cryptocompra/13.png]
[www.flow.cl/cryptocompra.html]
[www.flow.cl/fonts/glyphicons-halflings-regular.html]
[www.flow.cl/fonts/glyphicons-halflings-regular.svg]
[www.flow.cl/fonts/fontawesome-webfont3e6e.html]
[www.flow.cl/fonts/fontawesome-webfont3e6e.svg]
[www.flow.cl/images/fondo1.png]
[www.flow.cl/images/fondo2.png]
[www.flow.cl/css/colores.css]
[www.flow.cl/css/interior.css]
[www.flow.cl/images/logos/wp-sf.svg]
[www.flow.cl/images/medios-de-pago/onepay/op-sf.svg]
[www.flow.cl/images/logos/sp-sf.svg]
[www.flow.cl/images/logos/mc-sf.svg]
[www.flow.cl/images/medios-de-pago/mach/mach-sf.svg]
[www.flow.cl/images/medios-de-pago/cryptocompra/cm-sf.svg]
[www.flow.cl/images/iconos/svg/tienda-facebook.svg]
[www.flow.cl/images/iconos/svg/facilitamos.svg]
[www.flow.cl/images/iconos/svg/optimizacion.svg]
[www.flow.cl/images/iconos/svg/monitoreamos.svg]
[www.flow.cl/images/iconos/svg/rapido.svg]
[www.flow.cl/images/iconos/svg/soporte.svg]
[www.flow.cl/images/iconos/svg/tuxpan.svg]
[www.flow.cl/images/soluciones/email02.png]
[www.flow.cl/images/registrate.svg]
[www.flow.cl/images/soluciones/email03.jpg]
[www.flow.cl/images/soluciones/email04.jpg]
[www.flow.cl/images/soluciones/email05.jpg]
[www.flow.cl/images/soluciones/email06.jpg]
[www.flow.cl/cobro-email.html]
[www.flow.cl/images/iconos/svg/enviar-email.svg]
[www.flow.cl/images/soluciones/recurrente02.png]
[www.flow.cl/images/soluciones/recurrente03.png]
[www.flow.cl/images/soluciones/recurrente03.jpg]
[www.flow.cl/images/soluciones/recurrente04.jpg]
[www.flow.cl/images/soluciones/recurrente05.jpg]
[www.flow.cl/cobro-recurrente.html]
[www.flow.cl/images/iconos/svg/recurrente.svg]
[www.flow.cl/images/soluciones/boton_pagar_flow.png]
[www.flow.cl/images/soluciones/boton01.jpg]
[www.flow.cl/images/soluciones/boton021.jpg]
[www.flow.cl/images/soluciones/boton101.jpg]
[www.flow.cl/images/soluciones/boton03.jpg]
[www.flow.cl/images/soluciones/boton04.jpg]
[www.flow.cl/images/soluciones/boton051.jpg]
[www.flow.cl/images/soluciones/boton061.jpg]
[www.flow.cl/ayuda-tienda-facebook.html]
[www.flow.cl/images/soluciones/boton09.jpg]
[www.flow.cl/images/soluciones/boton11.jpg]
[www.flow.cl/images/soluciones/boton071.png]
[www.flow.cl/images/soluciones/boton071b.png]
[www.flow.cl/boton-pago-estatico.html]
[www.flow.cl/images/iconos/svg/estatico.svg]
[www.flow.cl/images/soluciones/boton08.jpg]
[www.flow.cl/boton-pago-variable.html]
[www.flow.cl/images/iconos/svg/dinamico.svg]
[www.flow.cl/images/soluciones/reembolsos.png]
[www.flow.cl/images/soluciones/reembolsos02.jpg]
[www.flow.cl/images/soluciones/reembolsos03.jpg]
[www.flow.cl/images/soluciones/reembolsos04.jpg]
[www.flow.cl/images/soluciones/reembolsos05.jpg]
[www.flow.cl/images/soluciones/reembolsos06-2.jpg]
[www.flow.cl/reembolso.html]
[www.flow.cl/images/iconos/svg/reembolsos.svg]
[www.flow.cl/css/colores3860.css]
[www.flow.cl/images/soluciones/woocommerce.png]
[www.flow.cl/images/soluciones/woocommerce/woo-01.jpg]
[www.flow.cl/plugins/woocommerce/flowpaymentfl-2.0.1.zip]
[www.flow.cl/images/download.svg]
[www.flow.cl/plugins/woocommerce/flowpaymentwp-2.0.1.zip]
[www.flow.cl/plugins/woocommerce/flowpaymentsp-2.0.1.zip]
[www.flow.cl/plugins/woocommerce/flowpaymentmc-2.0.1.zip]
[www.flow.cl/plugins/woocommerce/flowpaymentop-2.0.1.zip]
[www.flow.cl/plugins/woocommerce/flowpaymentmh-2.0.1.zip]
[www.flow.cl/images/soluciones/woocommerce/woo-02.jpg]
[www.flow.cl/images/soluciones/woocommerce/woo-03.jpg]
[www.flow.cl/images/soluciones/woocommerce/woo-04.jpg]
[www.flow.cl/images/soluciones/woocommerce/woo-05.jpg]
[www.flow.cl/images/soluciones/woocommerce/woo-06.jpg]
[www.flow.cl/woocommerce.html]
[www.flow.cl/images/iconos/svg/woo.svg]
[www.flow.cl/images/soluciones/jumpseller.png]
[www.flow.cl/images/soluciones/jumpseller01.png]
[www.flow.cl/images/soluciones/jumpseller02.png]
[www.flow.cl/images/soluciones/jumpseller03.png]
[www.flow.cl/images/soluciones/jumpseller04.png]
[www.flow.cl/jumpseller.html]
[www.flow.cl/images/iconos/svg/jumpseller.svg]
[www.flow.cl/prestashop.html]
[www.flow.cl/images/soluciones/prestashop.png]
[www.flow.cl/images/soluciones/prestashop/prestashop1.7-01.jpg]
[www.flow.cl/images/soluciones/prestashop/prestashop1.7-02.jpg]
[www.flow.cl/plugins/prestashop/1.7/flowpaymentflow-2.0.1.zip]
[www.flow.cl/plugins/prestashop/1.7/flowpaymentwp-2.0.1.zip]
[www.flow.cl/plugins/prestashop/1.7/flowpaymentsp-2.0.1.zip]
[www.flow.cl/plugins/prestashop/1.7/flowpaymentmc-2.0.1.zip]
[www.flow.cl/plugins/prestashop/1.7/flowpaymentop-2.0.1.zip]
[www.flow.cl/plugins/prestashop/1.7/flowpaymentmh-2.0.1.zip]
[www.flow.cl/images/soluciones/prestashop/prestashop1.7-03.jpg]
[www.flow.cl/images/soluciones/prestashop/prestashop1.7-04.jpg]
[www.flow.cl/images/soluciones/prestashop/prestashop1.7-05.jpg]
[www.flow.cl/images/soluciones/prestashop/prestashop1.7-06.jpg]
[www.flow.cl/images/soluciones/prestashop/prestashop1.7-07.jpg]
[www.flow.cl/images/soluciones/prestashop/prestashop1.7-08.jpg]
[www.flow.cl/images/soluciones/prestashop/prestashop1.7-09.jpg]
[www.flow.cl/prestashop-17.html]
[www.flow.cl/images/iconos/svg/prestashop.svg]
[www.flow.cl/opencart-23.html]
[www.flow.cl/opencart-3.html]
[www.flow.cl/images/soluciones/opencart.png]
[www.flow.cl/images/soluciones/opencart/oc2.2-01.jpg]
[www.flow.cl/images/soluciones/opencart/oc2.2-02.jpg]
[www.flow.cl/images/soluciones/opencart/oc2.2-03.jpg]
[www.flow.cl/images/soluciones/opencart/oc2.2-04.jpg]
[www.flow.cl/plugins/opencart/2.2/flow_webpay-1.0.0.ocmod.zip]
[www.flow.cl/plugins/opencart/2.2/flow_servipag-1.0.0.ocmod.zip]
[www.flow.cl/plugins/opencart/2.2/flow_multicaja-1.0.0.ocmod.zip]
[www.flow.cl/plugins/opencart/2.2/flow_onepay-1.0.0.ocmod.zip]
[www.flow.cl/plugins/opencart/2.2/flow-1.0.0.ocmod.zip]
[www.flow.cl/images/soluciones/opencart/oc2.2-05.jpg]
[www.flow.cl/images/soluciones/opencart/oc2.2-06.jpg]
[www.flow.cl/images/soluciones/opencart/oc2.2-07.jpg]
[www.flow.cl/images/soluciones/opencart/oc2.2-08.jpg]
[www.flow.cl/images/soluciones/opencart/oc2.2-09.jpg]
[www.flow.cl/opencart.html]
[www.flow.cl/images/iconos/svg/opencart.svg]
[www.flow.cl/images/soluciones/virtuemart.png]
[www.flow.cl/images/soluciones/api03.png]
[www.flow.cl/images/soluciones/api04.png]
[www.flow.cl/plugins/flow.vm2-1.2.zip]
[www.flow.cl/plugins/flow.vm2.servipag-1.2.zip]
[www.flow.cl/plugins/flow.vm3-1.2.zip]
[www.flow.cl/plugins/flow.vm3.servipag-1.2.zip]
[www.flow.cl/plugins/flow.vm3.multicaja-1.3.zip]
[www.flow.cl/images/soluciones/virtue01.jpg]
[www.flow.cl/images/soluciones/virtue02.jpg]
[www.flow.cl/images/soluciones/virtue04.jpg]
[www.flow.cl/images/soluciones/virtue05.jpg]
[www.flow.cl/images/soluciones/virtue06.jpg]
[www.flow.cl/images/soluciones/virtue07.jpg]
[www.flow.cl/images/soluciones/virtue08.jpg]
[www.flow.cl/virtuemart.html]
[www.flow.cl/images/iconos/svg/virtuemart.svg]
[www.flow.cl/images/soluciones/whmcs.png]
[www.flow.cl/images/soluciones/whmcs/whmcs-01.jpg]
[www.flow.cl/images/soluciones/whmcs/whmcs-02.jpg]
[www.flow.cl/plugins/whmcs/flowpaymentwp-2.0.0.zip]
[www.flow.cl/plugins/whmcs/flowpaymentsp-2.0.0.zip]
[www.flow.cl/plugins/whmcs/flowpaymentmc-2.0.0.zip]
[www.flow.cl/plugins/whmcs/flowpaymentop-2.0.0.zip]
[www.flow.cl/plugins/whmcs/flowpaymentfl-2.0.0.zip]
[www.flow.cl/images/soluciones/whmcs/whmcs-03.jpg]
[www.flow.cl/images/soluciones/whmcs/whmcs-04.jpg]
[www.flow.cl/images/soluciones/whmcs/whmcs-05.jpg]
[www.flow.cl/whmcs.html]
[www.flow.cl/images/iconos/svg/whmcs.svg]
[www.flow.cl/images/soluciones/magento.png]
[www.flow.cl/plugins/FlowPayment-1.0.1.gz]
[www.flow.cl/images/soluciones/magento01.png]
[www.flow.cl/images/soluciones/magento02.png]
[www.flow.cl/images/soluciones/magento04.png]
[www.flow.cl/images/soluciones/magento05.png]
[www.flow.cl/magento.html]
[www.flow.cl/images/iconos/svg/magento.svg]
[www.flow.cl/images/soluciones/sumar02.png]
[www.flow.cl/images/enlace-externo.svg]
[www.flow.cl/tienda-virtual-sumar.html]
[www.flow.cl/images/iconos/svg/sumar.svg]
[www.flow.cl/images/soluciones/configurar-cuenta-devices/menu3860.png]
[www.flow.cl/images/soluciones/configurar-cuenta-devices/IniciarSesion3860.jpg]
[www.flow.cl/images/soluciones/configurar-cuenta-devices/Conf23860.jpg]
[www.flow.cl/images/soluciones/configurar-cuenta-devices/Conf13860.jpg]
[www.flow.cl/images/soluciones/configurar-cuenta-devices/Conf2b3860.jpg]
[www.flow.cl/images/soluciones/configurar-cuenta-devices/Dispositivo13860.jpg]
[www.flow.cl/images/soluciones/configurar-cuenta-devices/Dispositivo33860.jpg]
[www.flow.cl/images/soluciones/configurar-cuenta-devices/Ayuda13860.jpg]
[www.flow.cl/configurar-cuenta-device.html]
[www.flow.cl/images/iconos/svg/configurar-cuenta-device.svg]
[www.flow.cl/images/soluciones/descargar-aplicacion-device/menu3860.png]
[www.flow.cl/images/soluciones/descargar-aplicacion-device/android3860.png]
[www.flow.cl/images/soluciones/descargar-aplicacion-device/apple3860.png]
[www.flow.cl/images/soluciones/descargar-aplicacion-device/IniciarSesion3860.jpg]
[www.flow.cl/images/soluciones/descargar-aplicacion-device/GenerarCobro13860.jpg]
[www.flow.cl/images/soluciones/descargar-aplicacion-device/GenerarCobro23860.jpg]
[www.flow.cl/images/soluciones/descargar-aplicacion-device/actualizaConfigComercio13860.jpg]
[www.flow.cl/images/soluciones/descargar-aplicacion-device/actualizaConfigComercio23860.jpg]
[www.flow.cl/images/soluciones/descargar-aplicacion-device/actualizaConfigComercio33860.jpg]
[www.flow.cl/images/soluciones/descargar-aplicacion-device/CompartirCobro13860.jpg]
[www.flow.cl/images/soluciones/descargar-aplicacion-device/VerificarPago33860.jpg]
[www.flow.cl/images/soluciones/descargar-aplicacion-device/VerificarPago13860.jpg]
[www.flow.cl/images/soluciones/descargar-aplicacion-device/VerificarCobro13860.jpg]
[www.flow.cl/images/soluciones/descargar-aplicacion-device/VerificarCobro23860.jpg]
[www.flow.cl/images/soluciones/descargar-aplicacion-device/verificarPendiente13860.jpg]
[www.flow.cl/images/soluciones/descargar-aplicacion-device/verificarAnulado13860.jpg]
[www.flow.cl/images/soluciones/descargar-aplicacion-device/verificarPendiente23860.jpg]
[www.flow.cl/images/soluciones/descargar-aplicacion-device/Perfil13860.jpg]
[www.flow.cl/images/soluciones/descargar-aplicacion-device/Perfil23860.jpg]
[www.flow.cl/images/soluciones/descargar-aplicacion-device/Tutorial13860.jpg]
[www.flow.cl/images/soluciones/descargar-aplicacion-device/Tutorial23860.jpg]
[www.flow.cl/images/soluciones/descargar-aplicacion-device/Tutorial33860.jpg]
[www.flow.cl/descargar-aplicacion-device.html]
[www.flow.cl/images/iconos/svg/descargar-aplicacion.svg]
[www.flow.cl/images/iconos/svg/cargos-automaticos.svg]
[www.flow.cl/images/iconos/svg/correo-masivo.svg]
[www.flow.cl/images/iconos/svg/portal-ecommerce.svg]
[www.flow.cl/images/iconos/svg/ad-hoc.svg]
[www.flow.cl/images/soluciones/suscripcion-00.png]
[www.flow.cl/images/soluciones/suscripcion-01.jpg]
[www.flow.cl/images/soluciones/suscripcion-021.jpg]
[www.flow.cl/images/soluciones/suscripcion-032.jpg]
[www.flow.cl/images/soluciones/suscripcion-041.jpg]
[www.flow.cl/images/soluciones/suscripcion-051.jpg]
[www.flow.cl/images/soluciones/suscripcion-06.jpg]
[www.flow.cl/images/soluciones/suscripcion-07.jpg]
[www.flow.cl/images/soluciones/suscripcion-09.jpg]
[www.flow.cl/images/soluciones/suscripcion-10.jpg]
[www.flow.cl/images/soluciones/suscripcion-11.jpg]
[www.flow.cl/images/soluciones/suscripcion-121.jpg]
[www.flow.cl/images/soluciones/suscripcion-13.jpg]
[www.flow.cl/images/soluciones/suscripcion-141.jpg]
[www.flow.cl/images/soluciones/suscripcion-151.jpg]
[www.flow.cl/images/soluciones/suscripcion-161.jpg]
[www.flow.cl/images/soluciones/suscripcion-171.jpg]
[www.flow.cl/pago-suscripcion.html]
[www.flow.cl/images/iconos/svg/calendario.svg]
[www.flow.cl/images/soluciones/clientes-00.png]
[www.flow.cl/images/soluciones/clientes-01.jpg]
[www.flow.cl/images/soluciones/clientes-02.jpg]
[www.flow.cl/images/soluciones/clientes-03.jpg]
[www.flow.cl/images/soluciones/clientes-04.jpg]
[www.flow.cl/images/soluciones/clientes-05.jpg]
[www.flow.cl/images/soluciones/clientes-06.jpg]
[www.flow.cl/images/soluciones/clientes-07.jpg]
[www.flow.cl/images/soluciones/clientes-08.jpg]
[www.flow.cl/images/soluciones/clientes-09.jpg]
[www.flow.cl/images/soluciones/clientes-10.jpg]
[www.flow.cl/images/soluciones/clientes-11.jpg]
[www.flow.cl/images/soluciones/clientes-12.jpg]
[www.flow.cl/images/soluciones/clientes-13.jpg]
[www.flow.cl/images/soluciones/clientes-14.jpg]
[www.flow.cl/images/soluciones/clientes-15.jpg]
[www.flow.cl/images/soluciones/clientes-16.jpg]
[www.flow.cl/images/soluciones/clientes-18.jpg]
[www.flow.cl/images/soluciones/clientes-17.jpg]
[www.flow.cl/clientes.html]
[www.flow.cl/images/iconos/svg/clientes.svg]
[www.flow.cl/images/soluciones/planes-00.png]
[www.flow.cl/images/soluciones/planes-011.jpg]
[www.flow.cl/images/soluciones/planes-022.jpg]
[www.flow.cl/images/soluciones/planes-031.jpg]
[www.flow.cl/images/soluciones/planes-042.jpg]
[www.flow.cl/images/soluciones/planes-052.jpg]
[www.flow.cl/images/soluciones/planes-061.jpg]
[www.flow.cl/images/soluciones/planes-072.jpg]
[www.flow.cl/images/soluciones/planes-082.jpg]
[www.flow.cl/planes-suscripcion.html]
[www.flow.cl/images/iconos/svg/planes.svg]
[www.flow.cl/images/soluciones/cupones-00.png]
[www.flow.cl/images/soluciones/cupones-01.jpg]
[www.flow.cl/images/soluciones/cupones-02.jpg]
[www.flow.cl/images/soluciones/cupones-03.jpg]
[www.flow.cl/images/soluciones/cupones-04.jpg]
[www.flow.cl/images/soluciones/cupones-05.jpg]
[www.flow.cl/images/soluciones/cupones-06.jpg]
[www.flow.cl/images/soluciones/cupones-07.jpg]
[www.flow.cl/images/soluciones/cupones-08.jpg]
[www.flow.cl/cupones-descuento.html]
[www.flow.cl/images/iconos/svg/cupon-descuento.svg]
[www.flow.cl/images/iconos/svg/api-reembolsos.svg]
[www.flow.cl/docs/style.css]
[www.flow.cl/js/fancybox/dist/jquery.fancybox.min.css]
[www.flow.cl/css/helpDesk.css]
[www.flow.cl/css/interior0d8a.css]
[www.flow.cl/app/img/loader.gif]
[www.flow.cl/css/layout1.css]
[www.flow.cl/images/fondo-registro.jpg]
[www.flow.cl/css/login.css]
[www.flow.cl/app/web/js/olvide4fa6.js]
[www.flow.cl/app/web/olvide.html]
[www.flow.cl/css/interior3860.css]
[www.flow.cl/images/registrate.svg]
[www.flow.cl/images/soluciones/tienda-facebook.png]
[www.flow.cl/images/soluciones/facebook01.png]
[www.flow.cl/images/soluciones/facebook02.png]
[www.flow.cl/images/soluciones/facebook03.png]
[www.flow.cl/images/soluciones/facebook04.png]
[www.flow.cl/images/soluciones/facebook05.png]
[www.flow.cl/images/soluciones/facebook06.png]
[www.flow.cl/images/soluciones/facebook07.png]
[www.flow.cl/images/soluciones/facebook08.png]
[www.flow.cl/images/soluciones/facebook09.png]
[www.flow.cl/ayuda-tienda-facebook.html]
[www.flow.cl/css/colores3860.css]
[www.flow.cl/images/download.svg]
[www.flow.cl/images/soluciones/prestashop/prestashop1.6-01.jpg]
[www.flow.cl/images/soluciones/prestashop/prestashop1.6-02.jpg]
[www.flow.cl/images/soluciones/prestashop/prestashop1.6-03.jpg]
[www.flow.cl/plugins/prestashop/1.6/flowpaymentwp-2.0.0.zip]
[www.flow.cl/plugins/prestashop/1.6/flowpaymentsp-2.0.0.zip]
[www.flow.cl/plugins/prestashop/1.6/flowpaymentmc-2.0.0.zip]
[www.flow.cl/plugins/prestashop/1.6/flowpaymentop-2.0.0.zip]
[www.flow.cl/plugins/prestashop/1.6/flowpaymentflow-2.0.0.zip]
[www.flow.cl/images/soluciones/prestashop/prestashop1.6-04.jpg]
[www.flow.cl/images/soluciones/prestashop/prestashop1.6-05.jpg]
[www.flow.cl/images/soluciones/prestashop/prestashop1.6-06.jpg]
[www.flow.cl/images/soluciones/prestashop/prestashop1.6-07.jpg]
[www.flow.cl/images/soluciones/prestashop/prestashop1.6-08.jpg]
[www.flow.cl/images/soluciones/prestashop/prestashop1.6-09.jpg]
[www.flow.cl/images/soluciones/prestashop/prestashop1.6-10.jpg]
[www.flow.cl/prestashop.html]
[www.flow.cl/images/soluciones/opencart/oc2.3-01.jpg]
[www.flow.cl/images/soluciones/opencart/oc2.3-02.jpg]
[www.flow.cl/images/soluciones/opencart/oc2.3-03.jpg]
[www.flow.cl/images/soluciones/opencart/oc2.3-04.jpg]
[www.flow.cl/plugins/opencart/2.3/flow_webpay-1.0.0.ocmod.zip]
[www.flow.cl/plugins/opencart/2.3/flow_servipag-1.0.0.ocmod.zip]
[www.flow.cl/plugins/opencart/2.3/flow_multicaja-1.0.0.ocmod.zip]
[www.flow.cl/plugins/opencart/2.3/flow_onepay-1.0.0.ocmod.zip]
[www.flow.cl/plugins/opencart/2.3/flow-1.0.0.ocmod.zip]
[www.flow.cl/images/soluciones/opencart/oc2.3-05.jpg]
[www.flow.cl/images/soluciones/opencart/oc2.3-06.jpg]
[www.flow.cl/images/soluciones/opencart/oc2.3-07.jpg]
[www.flow.cl/images/soluciones/opencart/oc2.3-09.jpg]
[www.flow.cl/opencart-23.html]
[www.flow.cl/images/soluciones/opencart/oc3.0-01.jpg]
[www.flow.cl/images/soluciones/opencart/oc3.0-02.jpg]
[www.flow.cl/images/soluciones/opencart/oc3.0-03.jpg]
[www.flow.cl/images/soluciones/opencart/oc3.0-04.jpg]
[www.flow.cl/plugins/opencart/3.0/flow_webpay-1.0.0.ocmod.zip]
[www.flow.cl/plugins/opencart/3.0/flow_servipag-1.0.0.ocmod.zip]
[www.flow.cl/plugins/opencart/3.0/flow_multicaja-1.0.0.ocmod.zip]
[www.flow.cl/plugins/opencart/3.0/flow_onepay-1.0.0.ocmod.zip]
[www.flow.cl/plugins/opencart/3.0/flow-1.0.0.ocmod.zip]
[www.flow.cl/images/soluciones/opencart/oc3.0-05.jpg]
[www.flow.cl/images/soluciones/opencart/oc3.0-06.jpg]
[www.flow.cl/images/soluciones/opencart/oc3.0-08.jpg]
[www.flow.cl/opencart-3.html]
[www.flow.cl/images/enlace-externo.svg]
